≡ƒÜÇ Starting Groups Feature Verification...

1. Logging in...
   Γ£à Logged in/Registered.

2. Creating Group 'Test Group A'...
node : 
At line:1 char:1
+ node test_groups_fe
ature.js > 
test_output.txt 2>&1
+ ~~~~~~~~~~~~~~~~~~~
~~~~~~~~~~~~~~~~~~~~~
~~~~~~~~~~
    + CategoryInfo   
           : 
NotSpecified: (:    
String) [], 
RemoteExc    eption
    + 
FullyQualifiedError  
  Id : 
NativeCommandErr    
or
 
Γ¥î Test Failed: 
Error: Unauthorized
    at runTests (C:\U
sers\kamal\antigravit
y\living-homework-boo
k\test_groups_feature
.js:50:33)
    at process.proces
sTicksAndRejections (
node:internal/process
/task_queues:103:5)
